// Jest Snapshot v1, https://goo.gl/fbAQLP

exports[`Movies should match the snapshot with all the data passed in correctly 1`] = `
<section
  className="movie"
>
  <div
    className="fade"
  />
  <section
    className="star-wars"
  >
    <div
      className="crawl"
    >
      <div
        className="title"
      >
        <p />
      </div>
      <p />
      <p />
    </div>
  </section>
</section>
`;
