// Jest Snapshot v1, https://goo.gl/fbAQLP

exports[`FavR2D2 should match the snapshot with all the data passed in correctly 1`] = `
<section
  className="fav-R2D2"
>
  <NavLink
    to="/favorites"
  >
    <button
      className="favorites-btn"
    >
      View Favorites 
    </button>
  </NavLink>
</section>
`;
