// Jest Snapshot v1, https://goo.gl/fbAQLP

exports[`FavR2D2 should match the snapshot with all the data passed in correctly 1`] = `
<section
  className="fav-R2D2"
>
  <button
    className="favorites-btn"
  >
    View Favorites
  </button>
  <p
    className="favorites-num"
  >
    0
  </p>
</section>
`;
