// Jest Snapshot v1, https://goo.gl/fbAQLP

exports[`CardContainer should match the snapshot with all the data passed in correctly 1`] = `
<section
  className="card-container"
>
  <Card
    homeworld="Earth"
    isFavorite={true}
    key="Brandy"
    language="English"
    name="Brandy"
    species="Human"
    toggleFavorite={[MockFunction]}
  />
</section>
`;
