// Jest Snapshot v1, https://goo.gl/fbAQLP

exports[`Categories should match the snapshot with all the data passed in correctly 1`] = `
<section
  className="categories"
>
  <NavLink
    to="/people"
  >
    <button
      className="people"
    >
      People
    </button>
  </NavLink>
  <NavLink
    to="/planets"
  >
    <button
      className="planets"
    >
      Planets
    </button>
  </NavLink>
  <NavLink
    to="/vehicles"
  >
    <button
      className="vehicles"
    >
      Vehicles
    </button>
  </NavLink>
</section>
`;
